// Jest Snapshot v1, https://goo.gl/fbAQLP

exports[`Frequency Schema Conversion Test File schema is encoded correctly 1`] = `
[
  {
    "converted_type": null,
    "field_id": null,
    "logicalType": null,
    "name": "root",
    "num_children": 4,
    "precision": null,
    "repetition_type": null,
    "scale": null,
    "type": null,
    "type_length": null,
  },
  {
    "converted_type": 17,
    "field_id": null,
    "logicalType": null,
    "name": "announcementType",
    "num_children": null,
    "precision": null,
    "repetition_type": 0,
    "scale": null,
    "type": 1,
    "type_length": null,
  },
  {
    "converted_type": null,
    "field_id": null,
    "logicalType": null,
    "name": "contentHash",
    "num_children": null,
    "precision": null,
    "repetition_type": 0,
    "scale": null,
    "type": 6,
    "type_length": null,
  },
  {
    "converted_type": 14,
    "field_id": null,
    "logicalType": null,
    "name": "fromId",
    "num_children": null,
    "precision": null,
    "repetition_type": 0,
    "scale": null,
    "type": 2,
    "type_length": null,
  },
  {
    "converted_type": 0,
    "field_id": null,
    "logicalType": null,
    "name": "url",
    "num_children": null,
    "precision": null,
    "repetition_type": 0,
    "scale": null,
    "type": 6,
    "type_length": null,
  },
]
`;

exports[`Frequency Schema Conversion Test File schema is generated correctly 1`] = `
ParquetSchema {
  "fieldList": [
    {
      "compression": "GZIP",
      "dLevelMax": 0,
      "encoding": "PLAIN",
      "name": "announcementType",
      "originalType": "INT_32",
      "path": [
        "announcementType",
      ],
      "precision": undefined,
      "primitiveType": "INT32",
      "rLevelMax": 0,
      "repetitionType": "REQUIRED",
      "scale": undefined,
      "statistics": false,
      "typeLength": undefined,
    },
    {
      "compression": "GZIP",
      "dLevelMax": 0,
      "encoding": "PLAIN",
      "name": "contentHash",
      "originalType": undefined,
      "path": [
        "contentHash",
      ],
      "precision": undefined,
      "primitiveType": "BYTE_ARRAY",
      "rLevelMax": 0,
      "repetitionType": "REQUIRED",
      "scale": undefined,
      "statistics": false,
      "typeLength": undefined,
    },
    {
      "compression": "GZIP",
      "dLevelMax": 0,
      "encoding": "PLAIN",
      "name": "fromId",
      "originalType": "UINT_64",
      "path": [
        "fromId",
      ],
      "precision": undefined,
      "primitiveType": "INT64",
      "rLevelMax": 0,
      "repetitionType": "REQUIRED",
      "scale": undefined,
      "statistics": false,
      "typeLength": undefined,
    },
    {
      "compression": "GZIP",
      "dLevelMax": 0,
      "encoding": "PLAIN",
      "name": "url",
      "originalType": "UTF8",
      "path": [
        "url",
      ],
      "precision": undefined,
      "primitiveType": "BYTE_ARRAY",
      "rLevelMax": 0,
      "repetitionType": "REQUIRED",
      "scale": undefined,
      "statistics": false,
      "typeLength": undefined,
    },
  ],
  "fields": {
    "announcementType": {
      "compression": "GZIP",
      "dLevelMax": 0,
      "encoding": "PLAIN",
      "name": "announcementType",
      "originalType": "INT_32",
      "path": [
        "announcementType",
      ],
      "precision": undefined,
      "primitiveType": "INT32",
      "rLevelMax": 0,
      "repetitionType": "REQUIRED",
      "scale": undefined,
      "statistics": false,
      "typeLength": undefined,
    },
    "contentHash": {
      "compression": "GZIP",
      "dLevelMax": 0,
      "encoding": "PLAIN",
      "name": "contentHash",
      "originalType": undefined,
      "path": [
        "contentHash",
      ],
      "precision": undefined,
      "primitiveType": "BYTE_ARRAY",
      "rLevelMax": 0,
      "repetitionType": "REQUIRED",
      "scale": undefined,
      "statistics": false,
      "typeLength": undefined,
    },
    "fromId": {
      "compression": "GZIP",
      "dLevelMax": 0,
      "encoding": "PLAIN",
      "name": "fromId",
      "originalType": "UINT_64",
      "path": [
        "fromId",
      ],
      "precision": undefined,
      "primitiveType": "INT64",
      "rLevelMax": 0,
      "repetitionType": "REQUIRED",
      "scale": undefined,
      "statistics": false,
      "typeLength": undefined,
    },
    "url": {
      "compression": "GZIP",
      "dLevelMax": 0,
      "encoding": "PLAIN",
      "name": "url",
      "originalType": "UTF8",
      "path": [
        "url",
      ],
      "precision": undefined,
      "primitiveType": "BYTE_ARRAY",
      "rLevelMax": 0,
      "repetitionType": "REQUIRED",
      "scale": undefined,
      "statistics": false,
      "typeLength": undefined,
    },
  },
  "schema": {
    "announcementType": {
      "compression": "GZIP",
      "encoding": "PLAIN",
      "statistics": false,
      "type": "INT_32",
    },
    "contentHash": {
      "compression": "GZIP",
      "encoding": "PLAIN",
      "statistics": false,
      "type": "BYTE_ARRAY",
    },
    "fromId": {
      "compression": "GZIP",
      "encoding": "PLAIN",
      "statistics": false,
      "type": "UINT_64",
    },
    "url": {
      "compression": "GZIP",
      "encoding": "PLAIN",
      "statistics": false,
      "type": "UTF8",
    },
  },
}
`;
